--- features/test_files/reference_pkgs/base/[Content_Types].xml

+++ features/test_files/reference_pkgs/changed/[Content_Types].xml

@@ -1,11 +1,12 @@

 <?xml version='1.0' encoding='UTF-8' standalone='yes'?>
 <Types xmlns="http://schemas.openxmlformats.org/package/2006/content-types">
   <Default Extension="bin" ContentType="application/vnd.openxmlformats-officedocument.presentationml.printerSettings"/>
+  <Default Extension="foo" ContentType="application/foobar"/>
   <Default Extension="jpeg" ContentType="image/jpeg"/>
   <Default Extension="rels" ContentType="application/vnd.openxmlformats-package.relationships+xml"/>
   <Default Extension="xml" ContentType="application/xml"/>
-  <Override PartName="/docProps/app.xml" ContentType="application/vnd.openxmlformats-officedocument.extended-properties+xml"/>
   <Override PartName="/docProps/core.xml" ContentType="application/vnd.openxmlformats-package.core-properties+xml"/>
+  <Override PartName="/foo/bar.xml" ContentType="application/vnd.foobar+xml"/>
   <Override PartName="/ppt/presProps.xml" ContentType="application/vnd.openxmlformats-officedocument.presentationml.presProps+xml"/>
   <Override PartName="/ppt/presentation.xml" ContentType="application/vnd.openxmlformats-officedocument.presentationml.presentation.main+xml"/>
   <Override PartName="/ppt/slideLayouts/slideLayout1.xml" ContentType="application/vnd.openxmlformats-officedocument.presentationml.slideLayout+xml"/>

--- features/test_files/reference_pkgs/base/_rels/.rels

+++ features/test_files/reference_pkgs/changed/_rels/.rels

@@ -1,7 +1,7 @@

 <?xml version='1.0' encoding='UTF-8' standalone='yes'?>
 <Relationships xmlns="http://schemas.openxmlformats.org/package/2006/relationships">
-  <Relationship Id="x" Type="http://schemas.openxmlformats.org/officeDocument/2006/relationships/extended-properties" Target="docProps/app.xml"/>
   <Relationship Id="x" Type="http://schemas.openxmlformats.org/officeDocument/2006/relationships/officeDocument" Target="ppt/presentation.xml"/>
+  <Relationship Id="x" Type="http://schemas.openxmlformats.org/open-fu/core-foobar" Target="foo/bar.xml"/>
   <Relationship Id="x" Type="http://schemas.openxmlformats.org/package/2006/relationships/metadata/core-properties" Target="docProps/core.xml"/>
   <Relationship Id="x" Type="http://schemas.openxmlformats.org/package/2006/relationships/metadata/thumbnail" Target="docProps/thumbnail.jpeg"/>
 </Relationships>

--- features/test_files/reference_pkgs/base/ppt/slideMasters/slideMaster1.xml

+++ features/test_files/reference_pkgs/changed/ppt/slideMasters/slideMaster1.xml

@@ -26,7 +26,7 @@

       </p:grpSpPr>
       <p:sp>
         <p:nvSpPr>
-          <p:cNvPr id="2" name="Title Placeholder 1"/>
+          <p:cNvPr id="2" name="Foobar Placeholder 666"/>
           <p:cNvSpPr>
             <a:spLocks noGrp="1"/>
           </p:cNvSpPr>
@@ -85,7 +85,7 @@

             <a:pPr lvl="0"/>
             <a:r>
               <a:rPr lang="en-US" smtClean="0"/>
-              <a:t>Click to edit Master text styles</a:t>
+              <a:t>Click to foobar Master bazwah styles</a:t>
             </a:r>
           </a:p>
           <a:p>
