--- features/test_files/reference_pkgs/base/_rels/.rels

+++ features/test_files/reference_pkgs/changed/_rels/.rels

@@ -1,7 +1,7 @@

 <?xml version='1.0' encoding='UTF-8' standalone='yes'?>
 <Relationships xmlns="http://schemas.openxmlformats.org/package/2006/relationships">
-  <Relationship Id="x" Type="http://schemas.openxmlformats.org/officeDocument/2006/relationships/extended-properties" Target="docProps/app.xml"/>
   <Relationship Id="x" Type="http://schemas.openxmlformats.org/officeDocument/2006/relationships/officeDocument" Target="ppt/presentation.xml"/>
+  <Relationship Id="x" Type="http://schemas.openxmlformats.org/open-fu/core-foobar" Target="foo/bar.xml"/>
   <Relationship Id="x" Type="http://schemas.openxmlformats.org/package/2006/relationships/metadata/core-properties" Target="docProps/core.xml"/>
   <Relationship Id="x" Type="http://schemas.openxmlformats.org/package/2006/relationships/metadata/thumbnail" Target="docProps/thumbnail.jpeg"/>
 </Relationships>
